Archive member included to satisfy reference by file (symbol)

c:/ac6/systemworkbench/plugins/fr.ac6.mcu.externaltools.arm-none.win32_1.17.0.201812190825/tools/compiler/bin/../lib/gcc/arm-none-eabi/7.3.1/thumb/v7e-m/fpv4-sp/hard\libgcc.a(_aeabi_uldivmod.o)
                              Drivers/STM32F4xx_HAL_Driver/Src/stm32f4xx_hal_rcc.o (__aeabi_uldivmod)
c:/ac6/systemworkbench/plugins/fr.ac6.mcu.externaltools.arm-none.win32_1.17.0.201812190825/tools/compiler/bin/../lib/gcc/arm-none-eabi/7.3.1/thumb/v7e-m/fpv4-sp/hard\libgcc.a(_udivmoddi4.o)
                              c:/ac6/systemworkbench/plugins/fr.ac6.mcu.externaltools.arm-none.win32_1.17.0.201812190825/tools/compiler/bin/../lib/gcc/arm-none-eabi/7.3.1/thumb/v7e-m/fpv4-sp/hard\libgcc.a(_aeabi_uldivmod.o) (__udivmoddi4)
c:/ac6/systemworkbench/plugins/fr.ac6.mcu.externaltools.arm-none.win32_1.17.0.201812190825/tools/compiler/bin/../lib/gcc/arm-none-eabi/7.3.1/thumb/v7e-m/fpv4-sp/hard\libgcc.a(_dvmd_tls.o)
                              c:/ac6/systemworkbench/plugins/fr.ac6.mcu.externaltools.arm-none.win32_1.17.0.201812190825/tools/compiler/bin/../lib/gcc/arm-none-eabi/7.3.1/thumb/v7e-m/fpv4-sp/hard\libgcc.a(_aeabi_uldivmod.o) (__aeabi_ldiv0)
c:/ac6/systemworkbench/plugins/fr.ac6.mcu.externaltools.arm-none.win32_1.17.0.201812190825/tools/compiler/bin/../lib/gcc/arm-none-eabi/7.3.1/../../../../arm-none-eabi/lib/thumb/v7e-m/fpv4-sp/hard\libc_nano.a(lib_a-errno.o)
                              Core/Src/syscalls.o (__errno)
c:/ac6/systemworkbench/plugins/fr.ac6.mcu.externaltools.arm-none.win32_1.17.0.201812190825/tools/compiler/bin/../lib/gcc/arm-none-eabi/7.3.1/../../../../arm-none-eabi/lib/thumb/v7e-m/fpv4-sp/hard\libc_nano.a(lib_a-exit.o)
                              c:/ac6/systemworkbench/plugins/fr.ac6.mcu.externaltools.arm-none.win32_1.17.0.201812190825/tools/compiler/bin/../lib/gcc/arm-none-eabi/7.3.1/../../../../arm-none-eabi/lib/thumb/v7e-m/fpv4-sp/hard/crt0.o (exit)
c:/ac6/systemworkbench/plugins/fr.ac6.mcu.externaltools.arm-none.win32_1.17.0.201812190825/tools/compiler/bin/../lib/gcc/arm-none-eabi/7.3.1/../../../../arm-none-eabi/lib/thumb/v7e-m/fpv4-sp/hard\libc_nano.a(lib_a-impure.o)
                              c:/ac6/systemworkbench/plugins/fr.ac6.mcu.externaltools.arm-none.win32_1.17.0.201812190825/tools/compiler/bin/../lib/gcc/arm-none-eabi/7.3.1/../../../../arm-none-eabi/lib/thumb/v7e-m/fpv4-sp/hard\libc_nano.a(lib_a-exit.o) (_global_impure_ptr)
c:/ac6/systemworkbench/plugins/fr.ac6.mcu.externaltools.arm-none.win32_1.17.0.201812190825/tools/compiler/bin/../lib/gcc/arm-none-eabi/7.3.1/../../../../arm-none-eabi/lib/thumb/v7e-m/fpv4-sp/hard\libc_nano.a(lib_a-init.o)
                              c:/ac6/systemworkbench/plugins/fr.ac6.mcu.externaltools.arm-none.win32_1.17.0.201812190825/tools/compiler/bin/../lib/gcc/arm-none-eabi/7.3.1/../../../../arm-none-eabi/lib/thumb/v7e-m/fpv4-sp/hard/crt0.o (__libc_init_array)
c:/ac6/systemworkbench/plugins/fr.ac6.mcu.externaltools.arm-none.win32_1.17.0.201812190825/tools/compiler/bin/../lib/gcc/arm-none-eabi/7.3.1/../../../../arm-none-eabi/lib/thumb/v7e-m/fpv4-sp/hard\libc_nano.a(lib_a-malloc.o)
                              Middlewares/ST/STM32_USB_Host_Library/Class/CDC/Src/usbh_cdc.o (malloc)
c:/ac6/systemworkbench/plugins/fr.ac6.mcu.externaltools.arm-none.win32_1.17.0.201812190825/tools/compiler/bin/../lib/gcc/arm-none-eabi/7.3.1/../../../../arm-none-eabi/lib/thumb/v7e-m/fpv4-sp/hard\libc_nano.a(lib_a-memset.o)
                              c:/ac6/systemworkbench/plugins/fr.ac6.mcu.externaltools.arm-none.win32_1.17.0.201812190825/tools/compiler/bin/../lib/gcc/arm-none-eabi/7.3.1/../../../../arm-none-eabi/lib/thumb/v7e-m/fpv4-sp/hard/crt0.o (memset)
c:/ac6/systemworkbench/plugins/fr.ac6.mcu.externaltools.arm-none.win32_1.17.0.201812190825/tools/compiler/bin/../lib/gcc/arm-none-eabi/7.3.1/../../../../arm-none-eabi/lib/thumb/v7e-m/fpv4-sp/hard\libc_nano.a(lib_a-nano-freer.o)
                              c:/ac6/systemworkbench/plugins/fr.ac6.mcu.externaltools.arm-none.win32_1.17.0.201812190825/tools/compiler/bin/../lib/gcc/arm-none-eabi/7.3.1/../../../../arm-none-eabi/lib/thumb/v7e-m/fpv4-sp/hard\libc_nano.a(lib_a-malloc.o) (_free_r)
c:/ac6/systemworkbench/plugins/fr.ac6.mcu.externaltools.arm-none.win32_1.17.0.201812190825/tools/compiler/bin/../lib/gcc/arm-none-eabi/7.3.1/../../../../arm-none-eabi/lib/thumb/v7e-m/fpv4-sp/hard\libc_nano.a(lib_a-nano-mallocr.o)
                              c:/ac6/systemworkbench/plugins/fr.ac6.mcu.externaltools.arm-none.win32_1.17.0.201812190825/tools/compiler/bin/../lib/gcc/arm-none-eabi/7.3.1/../../../../arm-none-eabi/lib/thumb/v7e-m/fpv4-sp/hard\libc_nano.a(lib_a-malloc.o) (_malloc_r)
c:/ac6/systemworkbench/plugins/fr.ac6.mcu.externaltools.arm-none.win32_1.17.0.201812190825/tools/compiler/bin/../lib/gcc/arm-none-eabi/7.3.1/../../../../arm-none-eabi/lib/thumb/v7e-m/fpv4-sp/hard\libc_nano.a(lib_a-sbrkr.o)
[...]
Memory Configuration

Name             Origin             Length             Attributes
RAM              0x20000000         0x00020000         xrw
CCMRAM           0x10000000         0x00010000         xrw
FLASH            0x08010000         0x00100000         xr
*default*        0x00000000         0xffffffff

Linker script and memory map

LOAD c:/ac6/systemworkbench/plugins/fr.ac6.mcu.externaltools.arm-none.win32_1.17.0.201812190825/tools/compiler/bin/../lib/gcc/arm-none-eabi/7.3.1/thumb/v7e-m/fpv4-sp/hard/crti.o
LOAD c:/ac6/systemworkbench/plugins/fr.ac6.mcu.externaltools.arm-none.win32_1.17.0.201812190825/tools/compiler/bin/../lib/gcc/arm-none-eabi/7.3.1/thumb/v7e-m/fpv4-sp/hard/crtbegin.o
LOAD c:/ac6/systemworkbench/plugins/fr.ac6.mcu.externaltools.arm-none.win32_1.17.0.201812190825/tools/compiler/bin/../lib/gcc/arm-none-eabi/7.3.1/../../../../arm-none-eabi/lib/thumb/v7e-m/fpv4-sp/hard/crt0.o
LOAD Core/Src/main.o
LOAD Core/Src/stm32f4xx_hal_msp.o
LOAD Core/Src/stm32f4xx_it.o
LOAD Core/Src/syscalls.o
LOAD Core/Src/system_stm32f4xx.o
LOAD Drivers/STM32F4xx_HAL_Driver/Src/stm32f4xx_hal.o
LOAD Drivers/STM32F4xx_HAL_Driver/Src/stm32f4xx_hal_cortex.o
LOAD Drivers/STM32F4xx_HAL_Driver/Src/stm32f4xx_hal_dma.o
LOAD Drivers/STM32F4xx_HAL_Driver/Src/stm32f4xx_hal_dma_ex.o
LOAD Drivers/STM32F4xx_HAL_Driver/Src/stm32f4xx_hal_exti.o
LOAD Drivers/STM32F4xx_HAL_Driver/Src/stm32f4xx_hal_flash.o
LOAD Drivers/STM32F4xx_HAL_Driver/Src/stm32f4xx_hal_flash_ex.o
LOAD Drivers/STM32F4xx_HAL_Driver/Src/stm32f4xx_hal_flash_ramfunc.o
LOAD Drivers/STM32F4xx_HAL_Driver/Src/stm32f4xx_hal_gpio.o
LOAD Drivers/STM32F4xx_HAL_Driver/Src/stm32f4xx_hal_hcd.o
LOAD Drivers/STM32F4xx_HAL_Driver/Src/stm32f4xx_hal_i2c.o
LOAD Drivers/STM32F4xx_HAL_Driver/Src/stm32f4xx_hal_i2c_ex.o
LOAD Drivers/STM32F4xx_HAL_Driver/Src/stm32f4xx_hal_i2s.o
LOAD Drivers/STM32F4xx_HAL_Driver/Src/stm32f4xx_hal_i2s_ex.o
LOAD Drivers/STM32F4xx_HAL_Driver/Src/stm32f4xx_hal_pwr.o
LOAD Drivers/STM32F4xx_HAL_Driver/Src/stm32f4xx_hal_pwr_ex.o
LOAD Drivers/STM32F4xx_HAL_Driver/Src/stm32f4xx_hal_rcc.o
LOAD Drivers/STM32F4xx_HAL_Driver/Src/stm32f4xx_hal_rcc_ex.o
LOAD Drivers/STM32F4xx_HAL_Driver/Src/stm32f4xx_hal_spi.o
LOAD Drivers/STM32F4xx_HAL_Driver/Src/stm32f4xx_hal_tim.o
LOAD Drivers/STM32F4xx_HAL_Driver/Src/stm32f4xx_hal_tim_ex.o
LOAD Drivers/STM32F4xx_HAL_Driver/Src/stm32f4xx_ll_usb.o
LOAD Middlewares/ST/STM32_USB_Host_Library/Class/CDC/Src/usbh_cdc.o
LOAD Middlewares/ST/STM32_USB_Host_Library/Core/Src/usbh_core.o
LOAD Middlewares/ST/STM32_USB_Host_Library/Core/Src/usbh_ctlreq.o
LOAD Middlewares/ST/STM32_USB_Host_Library/Core/Src/usbh_ioreq.o
LOAD Middlewares/ST/STM32_USB_Host_Library/Core/Src/usbh_pipes.o
LOAD USB_HOST/App/usb_host.o
LOAD USB_HOST/Target/usbh_conf.o
LOAD USB_HOST/Target/usbh_platform.o
LOAD startup/startup_stm32f407xx.o
LOAD c:/ac6/systemworkbench/plugins/fr.ac6.mcu.externaltools.arm-none.win32_1.17.0.201812190825/tools/compiler/bin/../lib/gcc/arm-none-eabi/7.3.1/../../../../arm-none-eabi/lib/thumb/v7e-m/fpv4-sp/hard\libm.a
START GROUP
LOAD c:/ac6/systemworkbench/plugins/fr.ac6.mcu.externaltools.arm-none.win32_1.17.0.201812190825/tools/compiler/bin/../lib/gcc/arm-none-eabi/7.3.1/thumb/v7e-m/fpv4-sp/hard\libgcc.a
LOAD c:/ac6/systemworkbench/plugins/fr.ac6.mcu.externaltools.arm-none.win32_1.17.0.201812190825/tools/compiler/bin/../lib/gcc/arm-none-eabi/7.3.1/../../../../arm-none-eabi/lib/thumb/v7e-m/fpv4-sp/hard\libc_nano.a
END GROUP
START GROUP
LOAD c:/ac6/systemworkbench/plugins/fr.ac6.mcu.externaltools.arm-none.win32_1.17.0.201812190825/tools/compiler/bin/../lib/gcc/arm-none-eabi/7.3.1/thumb/v7e-m/fpv4-sp/hard\libgcc.a
LOAD c:/ac6/systemworkbench/plugins/fr.ac6.mcu.externaltools.arm-none.win32_1.17.0.201812190825/tools/compiler/bin/../lib/gcc/arm-none-eabi/7.3.1/../../../../arm-none-eabi/lib/thumb/v7e-m/fpv4-sp/hard\libc_nano.a
LOAD c:/ac6/systemworkbench/plugins/fr.ac6.mcu.externaltools.arm-none.win32_1.17.0.201812190825/tools/compiler/bin/../lib/gcc/arm-none-eabi/7.3.1/../../../../arm-none-eabi/lib/thumb/v7e-m/fpv4-sp/hard\libnosys.a
END GROUP
START GROUP
LOAD c:/ac6/systemworkbench/plugins/fr.ac6.mcu.externaltools.arm-none.win32_1.17.0.201812190825/tools/compiler/bin/../lib/gcc/arm-none-eabi/7.3.1/thumb/v7e-m/fpv4-sp/hard\libgcc.a
LOAD c:/ac6/systemworkbench/plugins/fr.ac6.mcu.externaltools.arm-none.win32_1.17.0.201812190825/tools/compiler/bin/../lib/gcc/arm-none-eabi/7.3.1/../../../../arm-none-eabi/lib/thumb/v7e-m/fpv4-sp/hard\libc_nano.a
LOAD c:/ac6/systemworkbench/plugins/fr.ac6.mcu.externaltools.arm-none.win32_1.17.0.201812190825/tools/compiler/bin/../lib/gcc/arm-none-eabi/7.3.1/../../../../arm-none-eabi/lib/thumb/v7e-m/fpv4-sp/hard\libnosys.a
END GROUP
LOAD c:/ac6/systemworkbench/plugins/fr.ac6.mcu.externaltools.arm-none.win32_1.17.0.201812190825/tools/compiler/bin/../lib/gcc/arm-none-eabi/7.3.1/thumb/v7e-m/fpv4-sp/hard/crtend.o
LOAD c:/ac6/systemworkbench/plugins/fr.ac6.mcu.externaltools.arm-none.win32_1.17.0.201812190825/tools/compiler/bin/../lib/gcc/arm-none-eabi/7.3.1/thumb/v7e-m/fpv4-sp/hard/crtn.o
                0x20020000                _estack = 0x20020000
                0x00000200                _Min_Heap_Size = 0x200
                0x00000400                _Min_Stack_Size = 0x400

.isr_vector     0x08010000      0x188
                0x08010000                . = ALIGN (0x4)
 *(.isr_vector)
 .isr_vector    0x08010000      0x188 startup/startup_stm32f407xx.o
                0x08010000                g_pfnVectors
                0x08010188                . = ALIGN (0x4)

.text           0x08010188     0x1d78
                0x08010188                . = ALIGN (0x4)
 *(.text)
 .text          0x08010188       0x40 c:/ac6/systemworkbench/plugins/fr.ac6.mcu.externaltools.arm-none.win32_1.17.0.201812190825/tools/compiler/bin/../lib/gcc/arm-none-eabi/7.3.1/thumb/v7e-m/fpv4-sp/hard/crtbegin.o
 .text          0x080101c8       0x30 c:/ac6/systemworkbench/plugins/fr.ac6.mcu.externaltools.arm-none.win32_1.17.0.201812190825/tools/compiler/bin/../lib/gcc/arm-none-eabi/7.3.1/thumb/v7e-m/fpv4-sp/hard\libgcc.a(_aeabi_uldivmod.o)
                0x080101c8                __aeabi_uldivmod
 .text          0x080101f8      0x2cc c:/ac6/systemworkbench/plugins/fr.ac6.mcu.externaltools.arm-none.win32_1.17.0.201812190825/tools/compiler/bin/../lib/gcc/arm-none-eabi/7.3.1/thumb/v7e-m/fpv4-sp/hard\libgcc.a(_udivmoddi4.o)
                0x080101f8                __udivmoddi4
 .text          0x080104c4        0x4 c:/ac6/systemworkbench/plugins/fr.ac6.mcu.externaltools.arm-none.win32_1.17.0.201812190825/tools/compiler/bin/../lib/gcc/arm-none-eabi/7.3.1/thumb/v7e-m/fpv4-sp/hard\libgcc.a(_dvmd_tls.o)
                0x080104c4                __aeabi_idiv0
                0x080104c4                __aeabi_ldiv0
 *(.text*)
 .text.MX_GPIO_Init
                0x080104c8      0x18c Core/Src/main.o
 .text.SystemClock_Config
                0x08010654       0xb0 Core/Src/main.o
                0x08010654                SystemClock_Config
 .text.main     0x08010704       0x34 Core/Src/main.o
                0x08010704                main
 .text.HAL_MspInit
                0x08010738       0x40 Core/Src/stm32f4xx_hal_msp.o
                0x08010738                HAL_MspInit
 .text.NMI_Handler
                0x08010778        0x2 Core/Src/stm32f4xx_it.o
                0x08010778                NMI_Handler
 .text.HardFault_Handler
                0x0801077a        0x2 Core/Src/stm32f4xx_it.o
                0x0801077a                HardFault_Handler
 .text.MemManage_Handler
                0x0801077c        0x2 Core/Src/stm32f4xx_it.o
                0x0801077c                MemManage_Handler
 .text.BusFault_Handler
                0x0801077e        0x2 Core/Src/stm32f4xx_it.o
                0x0801077e                BusFault_Handler
 .text.UsageFault_Handler
                0x08010780        0x2 Core/Src/stm32f4xx_it.o
                0x08010780                UsageFault_Handler
 .text.SVC_Handler
                0x08010782        0x2 Core/Src/stm32f4xx_it.o
                0x08010782                SVC_Handler
 .text.DebugMon_Handler
                0x08010784        0x2 Core/Src/stm32f4xx_it.o
                0x08010784                DebugMon_Handler
 .text.PendSV_Handler
                0x08010786        0x2 Core/Src/stm32f4xx_it.o
                0x08010786                PendSV_Handler
 .text.SysTick_Handler
                0x08010788        0x8 Core/Src/stm32f4xx_it.o
                0x08010788                SysTick_Handler
 .text.OTG_FS_IRQHandler
                0x08010790       0x10 Core/Src/stm32f4xx_it.o
                0x08010790                OTG_FS_IRQHandler
 .text.SystemInit
                0x080107a0       0x1c Core/Src/system_stm32f4xx.o
                0x080107a0                SystemInit
 .text.HAL_InitTick
                0x080107bc       0x48 Drivers/STM32F4xx_HAL_Driver/Src/stm32f4xx_hal.o
                0x080107bc                HAL_InitTick
 .text.HAL_Init
                0x08010804       0x34 Drivers/STM32F4xx_HAL_Driver/Src/stm32f4xx_hal.o
                0x08010804                HAL_Init
 .text.HAL_IncTick
                0x08010838       0x18 Drivers/STM32F4xx_HAL_Driver/Src/stm32f4xx_hal.o
                0x08010838                HAL_IncTick
 .text.HAL_GetTick
                0x08010850        0xc Drivers/STM32F4xx_HAL_Driver/Src/stm32f4xx_hal.o
                0x08010850                HAL_GetTick
 .text.HAL_Delay
                0x0801085c       0x28 Drivers/STM32F4xx_HAL_Driver/Src/stm32f4xx_hal.o
                0x0801085c                HAL_Delay
 .text.HAL_NVIC_SetPriorityGrouping
                0x08010884       0x24 Drivers/STM32F4xx_HAL_Driver/Src/stm32f4xx_hal_cortex.o
                0x08010884                HAL_NVIC_SetPriorityGrouping
 .text.HAL_NVIC_SetPriority
                0x080108a8       0x68 Drivers/STM32F4xx_HAL_Driver/Src/stm32f4xx_hal_cortex.o
                0x080108a8                HAL_NVIC_SetPriority
 .text.HAL_SYSTICK_Config
                0x08010910       0x2c Drivers/STM32F4xx_HAL_Driver/Src/stm32f4xx_hal_cortex.o
                0x08010910                HAL_SYSTICK_Config
 .text.HAL_GPIO_Init
                0x0801093c      0x1c8 Drivers/STM32F4xx_HAL_Driver/Src/stm32f4xx_hal_gpio.o
                0x0801093c                HAL_GPIO_Init
 .text.HAL_GPIO_WritePin
                0x08010b04        0xc Drivers/STM32F4xx_HAL_Driver/Src/stm32f4xx_hal_gpio.o
                0x08010b04                HAL_GPIO_WritePin
 .text.HAL_GPIO_TogglePin
                0x08010b10       0x12 Drivers/STM32F4xx_HAL_Driver/Src/stm32f4xx_hal_gpio.o
                0x08010b10                HAL_GPIO_TogglePin
 *fill*         0x08010b22        0x2 
 .text.HCD_RXQLVL_IRQHandler
                0x08010b24       0x7c Drivers/STM32F4xx_HAL_Driver/Src/stm32f4xx_hal_hcd.o
 .text.HCD_Port_IRQHandler
                0x08010ba0       0xb0 Drivers/STM32F4xx_HAL_Driver/Src/stm32f4xx_hal_hcd.o
 .text.HCD_HC_IN_IRQHandler
                0x08010c50      0x32c Drivers/STM32F4xx_HAL_Driver/Src/stm32f4xx_hal_hcd.o
 .text.HCD_HC_OUT_IRQHandler
                0x08010f7c      0x2b4 Drivers/STM32F4xx_HAL_Driver/Src/stm32f4xx_hal_hcd.o
 .text.HAL_HCD_IRQHandler
                0x08011230      0x146 Drivers/STM32F4xx_HAL_Driver/Src/stm32f4xx_hal_hcd.o
                0x08011230                HAL_HCD_IRQHandler
 .text.HAL_HCD_Stop
                0x08011376       0x24 Drivers/STM32F4xx_HAL_Driver/Src/stm32f4xx_hal_hcd.o
                0x08011376                HAL_HCD_Stop
 *fill*         0x0801139a        0x2 
 .text.HAL_RCC_OscConfig
                0x0801139c      0x3ec Drivers/STM32F4xx_HAL_Driver/Src/stm32f4xx_hal_rcc.o
                0x0801139c                HAL_RCC_OscConfig
 .text.HAL_RCC_GetSysClockFreq
                0x08011788       0xd8 Drivers/STM32F4xx_HAL_Driver/Src/stm32f4xx_hal_rcc.o
                0x08011788                HAL_RCC_GetSysClockFreq
 .text.HAL_RCC_ClockConfig
                0x08011860      0x160 Drivers/STM32F4xx_HAL_Driver/Src/stm32f4xx_hal_rcc.o
                0x08011860                HAL_RCC_ClockConfig
 .text.HAL_RCCEx_PeriphCLKConfig
                0x080119c0      0x154 Drivers/STM32F4xx_HAL_Driver/Src/stm32f4xx_hal_rcc_ex.o
                0x080119c0                HAL_RCCEx_PeriphCLKConfig
 .text.USB_EnableGlobalInt
                0x08011b14        0xc Drivers/STM32F4xx_HAL_Driver/Src/stm32f4xx_ll_usb.o
                0x08011b14                USB_EnableGlobalInt
 .text.USB_DisableGlobalInt
                0x08011b20        0xc Drivers/STM32F4xx_HAL_Driver/Src/stm32f4xx_ll_usb.o
                0x08011b20                USB_DisableGlobalInt
 .text.USB_FlushTxFifo
                0x08011b2c       0x28 Drivers/STM32F4xx_HAL_Driver/Src/stm32f4xx_ll_usb.o
                0x08011b2c                USB_FlushTxFifo
 .text.USB_FlushRxFifo
                0x08011b54       0x24 Drivers/STM32F4xx_HAL_Driver/Src/stm32f4xx_ll_usb.o
                0x08011b54                USB_FlushRxFifo
 .text.USB_ReadPacket
                0x08011b78       0x28 Drivers/STM32F4xx_HAL_Driver/Src/stm32f4xx_ll_usb.o
                0x08011b78                USB_ReadPacket
 .text.USB_ReadInterrupts
                0x08011ba0        0x8 Drivers/STM32F4xx_HAL_Driver/Src/stm32f4xx_ll_usb.o
                0x08011ba0                USB_ReadInterrupts
 .text.USB_GetMode
                0x08011ba8        0x8 Drivers/STM32F4xx_HAL_Driver/Src/stm32f4xx_ll_usb.o
                0x08011ba8                USB_GetMode
 .text.USB_InitFSLSPClkSel
                0x08011bb0       0x40 Drivers/STM32F4xx_HAL_Driver/Src/stm32f4xx_ll_usb.o
                0x08011bb0                USB_InitFSLSPClkSel
 .text.USB_HC_ReadInterrupt
                0x08011bf0        0xa Drivers/STM32F4xx_HAL_Driver/Src/stm32f4xx_ll_usb.o
                0x08011bf0                USB_HC_ReadInterrupt
 .text.USB_HC_Halt
                0x08011bfa       0xd0 Drivers/STM32F4xx_HAL_Driver/Src/stm32f4xx_ll_usb.o
                0x08011bfa                USB_HC_Halt
 .text.USB_StopHost
                0x08011cca       0x7e Drivers/STM32F4xx_HAL_Driver/Src/stm32f4xx_ll_usb.o
                0x08011cca                USB_StopHost
 .text.USBH_HandleSof
                0x08011d48       0x1a Middlewares/ST/STM32_USB_Host_Library/Core/Src/usbh_core.o
 .text.USBH_LL_IncTimer
                0x08011d62       0x12 Middlewares/ST/STM32_USB_Host_Library/Core/Src/usbh_core.o
                0x08011d62                USBH_LL_IncTimer
 .text.USBH_LL_PortEnabled
                0x08011d74        0x8 Middlewares/ST/STM32_USB_Host_Library/Core/Src/usbh_core.o
                0x08011d74                USBH_LL_PortEnabled
 .text.USBH_LL_PortDisabled
                0x08011d7c        0x8 Middlewares/ST/STM32_USB_Host_Library/Core/Src/usbh_core.o
                0x08011d7c                USBH_LL_PortDisabled
 .text.USBH_LL_Connect
                0x08011d84       0x14 Middlewares/ST/STM32_USB_Host_Library/Core/Src/usbh_core.o
                0x08011d84                USBH_LL_Connect
 .text.USBH_LL_Disconnect
                0x08011d98       0x2c Middlewares/ST/STM32_USB_Host_Library/Core/Src/usbh_core.o
                0x08011d98                USBH_LL_Disconnect
 .text.USBH_FreePipe
                0x08011dc4       0x16 Middlewares/ST/STM32_USB_Host_Library/Core/Src/usbh_pipes.o
                0x08011dc4                USBH_FreePipe
 .text.HAL_HCD_SOF_Callback
                0x08011dda        0xc USB_HOST/Target/usbh_conf.o
                0x08011dda                HAL_HCD_SOF_Callback
 .text.HAL_HCD_Connect_Callback
                0x08011de6        0xc USB_HOST/Target/usbh_conf.o
                0x08011de6                HAL_HCD_Connect_Callback
 .text.HAL_HCD_Disconnect_Callback
                0x08011df2        0xc USB_HOST/Target/usbh_conf.o
                0x08011df2                HAL_HCD_Disconnect_Callback
 .text.HAL_HCD_HC_NotifyURBChange_Callback
                0x08011dfe        0x2 USB_HOST/Target/usbh_conf.o
                0x08011dfe                HAL_HCD_HC_NotifyURBChange_Callback
 .text.HAL_HCD_PortEnabled_Callback
                0x08011e00        0xc USB_HOST/Target/usbh_conf.o
                0x08011e00                HAL_HCD_PortEnabled_Callback
 .text.HAL_HCD_PortDisabled_Callback
                0x08011e0c        0xc USB_HOST/Target/usbh_conf.o
                0x08011e0c                HAL_HCD_PortDisabled_Callback
 .text.USBH_Get_USB_Status
                0x08011e18       0x12 USB_HOST/Target/usbh_conf.o
                0x08011e18                USBH_Get_USB_Status
 .text.USBH_LL_Stop
                0x08011e2a       0x10 USB_HOST/Target/usbh_conf.o
                0x08011e2a                USBH_LL_Stop
 *fill*         0x08011e3a        0x2 
 .text.Reset_Handler
                0x08011e3c       0x50 startup/startup_stm32f407xx.o
                0x08011e3c                Reset_Handler
 .text.Default_Handler
                0x08011e8c        0x2 startup/startup_stm32f407xx.o
                0x08011e8c                RTC_Alarm_IRQHandler
                0x08011e8c                HASH_RNG_IRQHandler
                0x08011e8c                EXTI2_IRQHandler
                0x08011e8c                TIM8_CC_IRQHandler
                0x08011e8c                TIM1_CC_IRQHandler
                0x08011e8c                DMA2_Stream5_IRQHandler
                0x08011e8c                DMA1_Stream5_IRQHandler
                0x08011e8c                PVD_IRQHandler
                0x08011e8c                SDIO_IRQHandler
                0x08011e8c                TAMP_STAMP_IRQHandler
                0x08011e8c                CAN2_RX1_IRQHandler
                0x08011e8c                EXTI3_IRQHandler
                0x08011e8c                TIM8_TRG_COM_TIM14_IRQHandler
                0x08011e8c                TIM1_UP_TIM10_IRQHandler
                0x08011e8c                TIM8_UP_TIM13_IRQHandler
                0x08011e8c                I2C3_ER_IRQHandler
                0x08011e8c                EXTI0_IRQHandler
                0x08011e8c                I2C2_EV_IRQHandler
                0x08011e8c                DMA1_Stream2_IRQHandler
                0x08011e8c                CAN1_RX0_IRQHandler
                0x08011e8c                FPU_IRQHandler
                0x08011e8c                OTG_HS_WKUP_IRQHandler
                0x08011e8c                CAN2_SCE_IRQHandler
                0x08011e8c                DMA2_Stream2_IRQHandler
                0x08011e8c                SPI1_IRQHandler
                0x08011e8c                TIM6_DAC_IRQHandler
                0x08011e8c                TIM1_BRK_TIM9_IRQHandler
                0x08011e8c                DCMI_IRQHandler
                0x08011e8c                CAN2_RX0_IRQHandler
                0x08011e8c                DMA2_Stream3_IRQHandler
                0x08011e8c                USART6_IRQHandler
                0x08011e8c                USART3_IRQHandler
                0x08011e8c                CAN1_RX1_IRQHandler
                0x08011e8c                UART5_IRQHandler
                0x08011e8c                DMA2_Stream0_IRQHandler
                0x08011e8c                TIM4_IRQHandler
                0x08011e8c                I2C1_EV_IRQHandler
                0x08011e8c                DMA1_Stream6_IRQHandler
                0x08011e8c                DMA1_Stream1_IRQHandler
                0x08011e8c                UART4_IRQHandler
                0x08011e8c                TIM3_IRQHandler
                0x08011e8c                RCC_IRQHandler
                0x08011e8c                TIM8_BRK_TIM12_IRQHandler
                0x08011e8c                Default_Handler
                0x08011e8c                EXTI15_10_IRQHandler
                0x08011e8c                ADC_IRQHandler
                0x08011e8c                DMA1_Stream7_IRQHandler
                0x08011e8c                TIM7_IRQHandler
                0x08011e8c                CAN2_TX_IRQHandler
                0x08011e8c                TIM5_IRQHandler
                0x08011e8c                DMA2_Stream7_IRQHandler
                0x08011e8c                I2C3_EV_IRQHandler
                0x08011e8c                EXTI9_5_IRQHandler
                0x08011e8c                RTC_WKUP_IRQHandler
                0x08011e8c                ETH_WKUP_IRQHandler
                0x08011e8c                SPI2_IRQHandler
                0x08011e8c                OTG_HS_EP1_IN_IRQHandler
                0x08011e8c                DMA1_Stream0_IRQHandler
                0x08011e8c                CAN1_TX_IRQHandler
                0x08011e8c                EXTI4_IRQHandler
                0x08011e8c                FSMC_IRQHandler
                0x08011e8c                ETH_IRQHandler
                0x08011e8c                OTG_HS_EP1_OUT_IRQHandler
                0x08011e8c                WWDG_IRQHandler
                0x08011e8c                TIM2_IRQHandler
                0x08011e8c                OTG_FS_WKUP_IRQHandler
                0x08011e8c                TIM1_TRG_COM_TIM11_IRQHandler
                0x08011e8c                OTG_HS_IRQHandler
                0x08011e8c                EXTI1_IRQHandler
                0x08011e8c                USART2_IRQHandler
                0x08011e8c                I2C2_ER_IRQHandler
                0x08011e8c                DMA2_Stream1_IRQHandler
                0x08011e8c                CAN1_SCE_IRQHandler
                0x08011e8c                FLASH_IRQHandler
                0x08011e8c                DMA2_Stream4_IRQHandler
                0x08011e8c                USART1_IRQHandler
                0x08011e8c                SPI3_IRQHandler
                0x08011e8c                DMA1_Stream4_IRQHandler
                0x08011e8c                I2C1_ER_IRQHandler
                0x08011e8c                DMA2_Stream6_IRQHandler
                0x08011e8c                DMA1_Stream3_IRQHandler
 *fill*         0x08011e8e        0x2 
 .text.__libc_init_array
                0x08011e90       0x48 c:/ac6/systemworkbench/plugins/fr.ac6.mcu.externaltools.arm-none.win32_1.17.0.201812190825/tools/compiler/bin/../lib/gcc/arm-none-eabi/7.3.1/../../../../arm-none-eabi/lib/thumb/v7e-m/fpv4-sp/hard\libc_nano.a(lib_a-init.o)
                0x08011e90                __libc_init_array
 .text.memset   0x08011ed8       0x10 c:/ac6/systemworkbench/plugins/fr.ac6.mcu.externaltools.arm-none.win32_1.17.0.201812190825/tools/compiler/bin/../lib/gcc/arm-none-eabi/7.3.1/../../../../arm-none-eabi/lib/thumb/v7e-m/fpv4-sp/hard\libc_nano.a(lib_a-memset.o)
                0x08011ed8                memset
 *(.glue_7)
 .glue_7        0x08011ee8        0x0 linker stubs
 *(.glue_7t)
 .glue_7t       0x08011ee8        0x0 linker stubs
 *(.eh_frame)
 .eh_frame      0x08011ee8        0x0 c:/ac6/systemworkbench/plugins/fr.ac6.mcu.externaltools.arm-none.win32_1.17.0.201812190825/tools/compiler/bin/../lib/gcc/arm-none-eabi/7.3.1/thumb/v7e-m/fpv4-sp/hard/crtbegin.o
 *(.init)
 .init          0x08011ee8        0x4 c:/ac6/systemworkbench/plugins/fr.ac6.mcu.externaltools.arm-none.win32_1.17.0.201812190825/tools/compiler/bin/../lib/gcc/arm-none-eabi/7.3.1/thumb/v7e-m/fpv4-sp/hard/crti.o
                0x08011ee8                _init
 .init          0x08011eec        0x8 c:/ac6/systemworkbench/plugins/fr.ac6.mcu.externaltools.arm-none.win32_1.17.0.201812190825/tools/compiler/bin/../lib/gcc/arm-none-eabi/7.3.1/thumb/v7e-m/fpv4-sp/hard/crtn.o
 *(.fini)
 .fini          0x08011ef4        0x4 c:/ac6/systemworkbench/plugins/fr.ac6.mcu.externaltools.arm-none.win32_1.17.0.201812190825/tools/compiler/bin/../lib/gcc/arm-none-eabi/7.3.1/thumb/v7e-m/fpv4-sp/hard/crti.o
                0x08011ef4                _fini
 .fini          0x08011ef8        0x8 c:/ac6/systemworkbench/plugins/fr.ac6.mcu.externaltools.arm-none.win32_1.17.0.201812190825/tools/compiler/bin/../lib/gcc/arm-none-eabi/7.3.1/thumb/v7e-m/fpv4-sp/hard/crtn.o
                0x08011f00                . = ALIGN (0x4)
                0x08011f00                _etext = .

.vfp11_veneer   0x08011f00        0x0
 .vfp11_veneer  0x08011f00        0x0 linker stubs

.v4_bx          0x08011f00        0x0
 .v4_bx         0x08011f00        0x0 linker stubs

.iplt           0x08011f00        0x0
 .iplt          0x08011f00        0x0 c:/ac6/systemworkbench/plugins/fr.ac6.mcu.externaltools.arm-none.win32_1.17.0.201812190825/tools/compiler/bin/../lib/gcc/arm-none-eabi/7.3.1/thumb/v7e-m/fpv4-sp/hard/crtbegin.o

.rodata         0x08011f00       0x18
                0x08011f00                . = ALIGN (0x4)
 *(.rodata)
 .rodata        0x08011f00       0x18 Core/Src/system_stm32f4xx.o
                0x08011f00                AHBPrescTable
                0x08011f10                APBPrescTable
 *(.rodata*)
                0x08011f18                . = ALIGN (0x4)

.ARM.extab
 *(.ARM.extab* .gnu.linkonce.armextab.*)

.ARM            0x08011f18        0x8
                0x08011f18                __exidx_start = .
 *(.ARM.exidx*)
 .ARM.exidx     0x08011f18        0x8 c:/ac6/systemworkbench/plugins/fr.ac6.mcu.externaltools.arm-none.win32_1.17.0.201812190825/tools/compiler/bin/../lib/gcc/arm-none-eabi/7.3.1/thumb/v7e-m/fpv4-sp/hard\libgcc.a(_udivmoddi4.o)
                0x08011f20                __exidx_end = .

.rel.dyn        0x08011f20        0x0
 .rel.iplt      0x08011f20        0x0 c:/ac6/systemworkbench/plugins/fr.ac6.mcu.externaltools.arm-none.win32_1.17.0.201812190825/tools/compiler/bin/../lib/gcc/arm-none-eabi/7.3.1/thumb/v7e-m/fpv4-sp/hard/crtbegin.o

.preinit_array  0x08011f20        0x0
                0x08011f20                PROVIDE (__preinit_array_start = .)
 *(.preinit_array*)
                0x08011f20                PROVIDE (__preinit_array_end = .)

.init_array     0x08011f20        0x4
                0x08011f20                PROVIDE (__init_array_start = .)
 *(SORT_BY_NAME(.init_array.*))
 *(.init_array*)
 .init_array    0x08011f20        0x4 c:/ac6/systemworkbench/plugins/fr.ac6.mcu.externaltools.arm-none.win32_1.17.0.201812190825/tools/compiler/bin/../lib/gcc/arm-none-eabi/7.3.1/thumb/v7e-m/fpv4-sp/hard/crtbegin.o
                0x08011f24                PROVIDE (__init_array_end = .)

.fini_array     0x08011f24        0x4
                [!provide]                PROVIDE (__fini_array_start = .)
 *(SORT_BY_NAME(.fini_array.*))
 *(.fini_array*)
 .fini_array    0x08011f24        0x4 c:/ac6/systemworkbench/plugins/fr.ac6.mcu.externaltools.arm-none.win32_1.17.0.201812190825/tools/compiler/bin/../lib/gcc/arm-none-eabi/7.3.1/thumb/v7e-m/fpv4-sp/hard/crtbegin.o
                [!provide]                PROVIDE (__fini_array_end = .)
                0x08011f28                _sidata = LOADADDR (.data)

.data           0x20000000        0xc load address 0x08011f28
                0x20000000                . = ALIGN (0x4)
                0x20000000                _sdata = .
 *(.data)
 .data          0x20000000        0x4 Core/Src/system_stm32f4xx.o
                0x20000000                SystemCoreClock
 .data          0x20000004        0x8 Drivers/STM32F4xx_HAL_Driver/Src/stm32f4xx_hal.o
                0x20000004                uwTickFreq
                0x20000008                uwTickPrio
 *(.data*)
                0x2000000c                . = ALIGN (0x4)
                0x2000000c                _edata = .
                0x08011f34                _siccmram = LOADADDR (.ccmram)

.igot.plt       0x2000000c        0x0 load address 0x08011f34
 .igot.plt      0x2000000c        0x0 c:/ac6/systemworkbench/plugins/fr.ac6.mcu.externaltools.arm-none.win32_1.17.0.201812190825/tools/compiler/bin/../lib/gcc/arm-none-eabi/7.3.1/thumb/v7e-m/fpv4-sp/hard/crtbegin.o

.ccmram         0x10000000        0x0 load address 0x08011f34
                0x10000000                . = ALIGN (0x4)
                0x10000000                _sccmram = .
 *(.ccmram)
 *(.ccmram*)
                0x10000000                . = ALIGN (0x4)
                0x10000000                _eccmram = .
                0x10000000                . = ALIGN (0x4)

.bss            0x2000000c      0x2e4
                0x2000000c                _sbss = .
                0x2000000c                __bss_start__ = _sbss
 *(.bss)
 .bss           0x2000000c       0x1c c:/ac6/systemworkbench/plugins/fr.ac6.mcu.externaltools.arm-none.win32_1.17.0.201812190825/tools/compiler/bin/../lib/gcc/arm-none-eabi/7.3.1/thumb/v7e-m/fpv4-sp/hard/crtbegin.o
 *(.bss*)
 *(COMMON)
 COMMON         0x20000028        0x4 Drivers/STM32F4xx_HAL_Driver/Src/stm32f4xx_hal.o
                0x20000028                uwTick
 COMMON         0x2000002c      0x2c4 USB_HOST/Target/usbh_conf.o
                0x2000002c                hhcd_USB_OTG_FS
                0x200002f0                . = ALIGN (0x4)
                0x200002f0                _ebss = .
                0x200002f0                __bss_end__ = _ebss

._user_heap_stack
                0x200002f0      0x600
                0x200002f0                . = ALIGN (0x8)
                0x200002f0                PROVIDE (end = .)
                [!provide]                PROVIDE (_end = .)
                0x200004f0                . = (. + _Min_Heap_Size)
 *fill*         0x200002f0      0x200 
                0x200008f0                . = (. + _Min_Stack_Size)
 *fill*         0x200004f0      0x400 
                0x200008f0                . = ALIGN (0x8)

/DISCARD/
 libc.a(*)
 libm.a(*)
 libgcc.a(*)

.ARM.attributes
                0x00000000       0x30
 *(.ARM.attributes)
 .ARM.attributes
                0x00000000       0x22 c:/ac6/systemworkbench/plugins/fr.ac6.mcu.externaltools.arm-none.win32_1.17.0.201812190825/tools/compiler/bin/../lib/gcc/arm-none-eabi/7.3.1/thumb/v7e-m/fpv4-sp/hard/crti.o
 .ARM.attributes
                0x00000022       0x34 c:/ac6/systemworkbench/plugins/fr.ac6.mcu.externaltools.arm-none.win32_1.17.0.201812190825/tools/compiler/bin/../lib/gcc/arm-none-eabi/7.3.1/thumb/v7e-m/fpv4-sp/hard/crtbegin.o
 .ARM.attributes
                0x00000056       0x39 Core/Src/main.o
 .ARM.attributes
                0x0000008f       0x39 Core/Src/stm32f4xx_hal_msp.o
 .ARM.attributes
                0x000000c8       0x39 Core/Src/stm32f4xx_it.o
 .ARM.attributes
                0x00000101       0x39 Core/Src/system_stm32f4xx.o
 .ARM.attributes
                0x0000013a       0x39 Drivers/STM32F4xx_HAL_Driver/Src/stm32f4xx_hal.o
 .ARM.attributes
                0x00000173       0x39 Drivers/STM32F4xx_HAL_Driver/Src/stm32f4xx_hal_cortex.o
 .ARM.attributes
                0x000001ac       0x39 Drivers/STM32F4xx_HAL_Driver/Src/stm32f4xx_hal_gpio.o
 .ARM.attributes
                0x000001e5       0x39 Drivers/STM32F4xx_HAL_Driver/Src/stm32f4xx_hal_hcd.o
 .ARM.attributes
                0x0000021e       0x39 Drivers/STM32F4xx_HAL_Driver/Src/stm32f4xx_hal_rcc.o
 .ARM.attributes
                0x00000257       0x39 Drivers/STM32F4xx_HAL_Driver/Src/stm32f4xx_hal_rcc_ex.o
 .ARM.attributes
                0x00000290       0x39 Drivers/STM32F4xx_HAL_Driver/Src/stm32f4xx_ll_usb.o
 .ARM.attributes
                0x000002c9       0x39 Middlewares/ST/STM32_USB_Host_Library/Core/Src/usbh_core.o
 .ARM.attributes
                0x00000302       0x39 Middlewares/ST/STM32_USB_Host_Library/Core/Src/usbh_pipes.o
 .ARM.attributes
                0x0000033b       0x39 USB_HOST/Target/usbh_conf.o
 .ARM.attributes
                0x00000374       0x21 startup/startup_stm32f407xx.o
 .ARM.attributes
                0x00000395       0x22 c:/ac6/systemworkbench/plugins/fr.ac6.mcu.externaltools.arm-none.win32_1.17.0.201812190825/tools/compiler/bin/../lib/gcc/arm-none-eabi/7.3.1/thumb/v7e-m/fpv4-sp/hard\libgcc.a(_aeabi_uldivmod.o)
 .ARM.attributes
                0x000003b7       0x34 c:/ac6/systemworkbench/plugins/fr.ac6.mcu.externaltools.arm-none.win32_1.17.0.201812190825/tools/compiler/bin/../lib/gcc/arm-none-eabi/7.3.1/thumb/v7e-m/fpv4-sp/hard\libgcc.a(_udivmoddi4.o)
 .ARM.attributes
                0x000003eb       0x22 c:/ac6/systemworkbench/plugins/fr.ac6.mcu.externaltools.arm-none.win32_1.17.0.201812190825/tools/compiler/bin/../lib/gcc/arm-none-eabi/7.3.1/thumb/v7e-m/fpv4-sp/hard\libgcc.a(_dvmd_tls.o)
 .ARM.attributes
                0x0000040d       0x34 c:/ac6/systemworkbench/plugins/fr.ac6.mcu.externaltools.arm-none.win32_1.17.0.201812190825/tools/compiler/bin/../lib/gcc/arm-none-eabi/7.3.1/../../../../arm-none-eabi/lib/thumb/v7e-m/fpv4-sp/hard\libc_nano.a(lib_a-init.o)
 .ARM.attributes
                0x00000441       0x34 c:/ac6/systemworkbench/plugins/fr.ac6.mcu.externaltools.arm-none.win32_1.17.0.201812190825/tools/compiler/bin/../lib/gcc/arm-none-eabi/7.3.1/../../../../arm-none-eabi/lib/thumb/v7e-m/fpv4-sp/hard\libc_nano.a(lib_a-memset.o)
 .ARM.attributes
                0x00000475       0x22 c:/ac6/systemworkbench/plugins/fr.ac6.mcu.externaltools.arm-none.win32_1.17.0.201812190825/tools/compiler/bin/../lib/gcc/arm-none-eabi/7.3.1/thumb/v7e-m/fpv4-sp/hard/crtn.o
OUTPUT(Bsic_blink_Bare_project.elf elf32-littlearm)

.debug_info     0x00000000     0xe65c
 .debug_info    0x00000000     0x130b Core/Src/main.o
 .debug_info    0x0000130b     0x103d Core/Src/stm32f4xx_hal_msp.o
 .debug_info    0x00002348      0x6e6 Core/Src/stm32f4xx_it.o
 .debug_info    0x00002a2e      0x559 Core/Src/system_stm32f4xx.o
 .debug_info    0x00002f87      0x9f1 Drivers/STM32F4xx_HAL_Driver/Src/stm32f4xx_hal.o
 .debug_info    0x00003978      0xf8c Drivers/STM32F4xx_HAL_Driver/Src/stm32f4xx_hal_cortex.o
 .debug_info    0x00004904      0x7c2 Drivers/STM32F4xx_HAL_Driver/Src/stm32f4xx_hal_gpio.o
 .debug_info    0x000050c6     0x130a Drivers/STM32F4xx_HAL_Driver/Src/stm32f4xx_hal_hcd.o
 .debug_info    0x000063d0      0xa94 Drivers/STM32F4xx_HAL_Driver/Src/stm32f4xx_hal_rcc.o
 .debug_info    0x00006e64      0x6b5 Drivers/STM32F4xx_HAL_Driver/Src/stm32f4xx_hal_rcc_ex.o
 .debug_info    0x00007519     0x1b51 Drivers/STM32F4xx_HAL_Driver/Src/stm32f4xx_ll_usb.o
 .debug_info    0x0000906a     0x1ca6 Middlewares/ST/STM32_USB_Host_Library/Core/Src/usbh_core.o
 .debug_info    0x0000ad10     0x13a3 Middlewares/ST/STM32_USB_Host_Library/Core/Src/usbh_pipes.o
 .debug_info    0x0000c0b3     0x2587 USB_HOST/Target/usbh_conf.o
 .debug_info    0x0000e63a       0x22 startup/startup_stm32f407xx.o

.debug_abbrev   0x00000000     0x20ac
 .debug_abbrev  0x00000000      0x22c Core/Src/main.o
 .debug_abbrev  0x0000022c      0x1da Core/Src/stm32f4xx_hal_msp.o
 .debug_abbrev  0x00000406      0x182 Core/Src/stm32f4xx_it.o
 .debug_abbrev  0x00000588      0x12b Core/Src/system_stm32f4xx.o
 .debug_abbrev  0x000006b3      0x1ed Drivers/STM32F4xx_HAL_Driver/Src/stm32f4xx_hal.o
 .debug_abbrev  0x000008a0      0x328 Drivers/STM32F4xx_HAL_Driver/Src/stm32f4xx_hal_cortex.o
 .debug_abbrev  0x00000bc8      0x1e7 Drivers/STM32F4xx_HAL_Driver/Src/stm32f4xx_hal_gpio.o
 .debug_abbrev  0x00000daf      0x27f Drivers/STM32F4xx_HAL_Driver/Src/stm32f4xx_hal_hcd.o
 .debug_abbrev  0x0000102e      0x273 Drivers/STM32F4xx_HAL_Driver/Src/stm32f4xx_hal_rcc.o
 .debug_abbrev  0x000012a1      0x179 Drivers/STM32F4xx_HAL_Driver/Src/stm32f4xx_hal_rcc_ex.o
 .debug_abbrev  0x0000141a      0x2a8 Drivers/STM32F4xx_HAL_Driver/Src/stm32f4xx_ll_usb.o
 .debug_abbrev  0x000016c2      0x382 Middlewares/ST/STM32_USB_Host_Library/Core/Src/usbh_core.o
 .debug_abbrev  0x00001a44      0x2cc Middlewares/ST/STM32_USB_Host_Library/Core/Src/usbh_pipes.o
 .debug_abbrev  0x00001d10      0x38a USB_HOST/Target/usbh_conf.o
 .debug_abbrev  0x0000209a       0x12 startup/startup_stm32f407xx.o

.debug_aranges  0x00000000      0x868
 .debug_aranges
                0x00000000       0x38 Core/Src/main.o
 .debug_aranges
                0x00000038       0x50 Core/Src/stm32f4xx_hal_msp.o
 .debug_aranges
                0x00000088       0x68 Core/Src/stm32f4xx_it.o
 .debug_aranges
                0x000000f0       0x28 Core/Src/system_stm32f4xx.o
 .debug_aranges
                0x00000118       0xf0 Drivers/STM32F4xx_HAL_Driver/Src/stm32f4xx_hal.o
 .debug_aranges
                0x00000208       0xa8 Drivers/STM32F4xx_HAL_Driver/Src/stm32f4xx_hal_cortex.o
 .debug_aranges
                0x000002b0       0x58 Drivers/STM32F4xx_HAL_Driver/Src/stm32f4xx_hal_gpio.o
 .debug_aranges
                0x00000308       0xf8 Drivers/STM32F4xx_HAL_Driver/Src/stm32f4xx_hal_hcd.o
 .debug_aranges
                0x00000400       0x88 Drivers/STM32F4xx_HAL_Driver/Src/stm32f4xx_hal_rcc.o
 .debug_aranges
                0x00000488       0x48 Drivers/STM32F4xx_HAL_Driver/Src/stm32f4xx_hal_rcc_ex.o
 .debug_aranges
                0x000004d0      0x198 Drivers/STM32F4xx_HAL_Driver/Src/stm32f4xx_ll_usb.o
 .debug_aranges
                0x00000668       0xc0 Middlewares/ST/STM32_USB_Host_Library/Core/Src/usbh_core.o
 .debug_aranges
                0x00000728       0x40 Middlewares/ST/STM32_USB_Host_Library/Core/Src/usbh_pipes.o
 .debug_aranges
                0x00000768       0xd8 USB_HOST/Target/usbh_conf.o
 .debug_aranges
                0x00000840       0x28 startup/startup_stm32f407xx.o

.debug_ranges   0x00000000      0x7f8
 .debug_ranges  0x00000000       0x28 Core/Src/main.o
 .debug_ranges  0x00000028       0x40 Core/Src/stm32f4xx_hal_msp.o
 .debug_ranges  0x00000068       0x58 Core/Src/stm32f4xx_it.o
 .debug_ranges  0x000000c0       0x18 Core/Src/system_stm32f4xx.o
 .debug_ranges  0x000000d8       0xe0 Drivers/STM32F4xx_HAL_Driver/Src/stm32f4xx_hal.o
 .debug_ranges  0x000001b8       0xf8 Drivers/STM32F4xx_HAL_Driver/Src/stm32f4xx_hal_cortex.o
 .debug_ranges  0x000002b0       0x48 Drivers/STM32F4xx_HAL_Driver/Src/stm32f4xx_hal_gpio.o
 .debug_ranges  0x000002f8       0xe8 Drivers/STM32F4xx_HAL_Driver/Src/stm32f4xx_hal_hcd.o
 .debug_ranges  0x000003e0       0x90 Drivers/STM32F4xx_HAL_Driver/Src/stm32f4xx_hal_rcc.o
 .debug_ranges  0x00000470       0x38 Drivers/STM32F4xx_HAL_Driver/Src/stm32f4xx_hal_rcc_ex.o
 .debug_ranges  0x000004a8      0x188 Drivers/STM32F4xx_HAL_Driver/Src/stm32f4xx_ll_usb.o
 .debug_ranges  0x00000630       0xb0 Middlewares/ST/STM32_USB_Host_Library/Core/Src/usbh_core.o
 .debug_ranges  0x000006e0       0x30 Middlewares/ST/STM32_USB_Host_Library/Core/Src/usbh_pipes.o
 .debug_ranges  0x00000710       0xc8 USB_HOST/Target/usbh_conf.o
 .debug_ranges  0x000007d8       0x20 startup/startup_stm32f407xx.o

.debug_macro    0x00000000    0x20c71
 .debug_macro   0x00000000      0x21f Core/Src/main.o
 .debug_macro   0x0000021f      0xa54 Core/Src/main.o
 .debug_macro   0x00000c73      0x2a0 Core/Src/main.o
 .debug_macro   0x00000f13       0x2e Core/Src/main.o
 .debug_macro   0x00000f41       0x2f Core/Src/main.o
 .debug_macro   0x00000f70       0x22 Core/Src/main.o
 .debug_macro   0x00000f92       0x8e Core/Src/main.o
 .debug_macro   0x00001020       0x51 Core/Src/main.o
 .debug_macro   0x00001071       0xef Core/Src/main.o
 .debug_macro   0x00001160       0x6a Core/Src/main.o
 .debug_macro   0x000011ca      0x1df Core/Src/main.o
 .debug_macro   0x000013a9       0x1c Core/Src/main.o
 .debug_macro   0x000013c5       0x22 Core/Src/main.o
 .debug_macro   0x000013e7       0xdf Core/Src/main.o
 .debug_macro   0x000014c6     0x102d Core/Src/main.o
 .debug_macro   0x000024f3      0x11f Core/Src/main.o
 .debug_macro   0x00002612    0x15e3c Core/Src/main.o
 .debug_macro   0x0001844e       0x43 Core/Src/main.o
 .debug_macro   0x00018491     0x3659 Core/Src/main.o
 .debug_macro   0x0001baea      0x174 Core/Src/main.o
 .debug_macro   0x0001bc5e       0x5a Core/Src/main.o
 .debug_macro   0x0001bcb8      0x96b Core/Src/main.o
 .debug_macro   0x0001c623      0x9fe Core/Src/main.o
 .debug_macro   0x0001d021      0x117 Core/Src/main.o
 .debug_macro   0x0001d138      0x13e Core/Src/main.o
 .debug_macro   0x0001d276       0x27 Core/Src/main.o
 .debug_macro   0x0001d29d      0x174 Core/Src/main.o
 .debug_macro   0x0001d411      0x287 Core/Src/main.o
 .debug_macro   0x0001d698       0x5f Core/Src/main.o
 .debug_macro   0x0001d6f7      0x236 Core/Src/main.o
 .debug_macro   0x0001d92d      0x12c Core/Src/main.o
 .debug_macro   0x0001da59      0x21e Core/Src/main.o
 .debug_macro   0x0001dc77       0x2e Core/Src/main.o
 .debug_macro   0x0001dca5      0x1b5 Core/Src/main.o
 .debug_macro   0x0001de5a       0xd6 Core/Src/main.o
 .debug_macro   0x0001df30      0x1a7 Core/Src/main.o
 .debug_macro   0x0001e0d7       0x46 Core/Src/main.o
 .debug_macro   0x0001e11d       0x4a Core/Src/main.o
 .debug_macro   0x0001e167      0x11a Core/Src/main.o
 .debug_macro   0x0001e281       0x7e Core/Src/main.o
 .debug_macro   0x0001e2ff       0x89 Core/Src/main.o
 .debug_macro   0x0001e388      0x225 Core/Src/main.o
 .debug_macro   0x0001e5ad      0x21e Core/Src/main.o
 .debug_macro   0x0001e7cb       0x68 Core/Src/main.o
 .debug_macro   0x0001e833      0x12d Core/Src/main.o
 .debug_macro   0x0001e960      0x190 Core/Src/main.o
 .debug_macro   0x0001eaf0      0x215 Core/Src/stm32f4xx_hal_msp.o
 .debug_macro   0x0001ed05      0x21f Core/Src/stm32f4xx_it.o
 .debug_macro   0x0001ef24      0x20c Core/Src/system_stm32f4xx.o
 .debug_macro   0x0001f130      0x266 Drivers/STM32F4xx_HAL_Driver/Src/stm32f4xx_hal.o
 .debug_macro   0x0001f396      0x206 Drivers/STM32F4xx_HAL_Driver/Src/stm32f4xx_hal_cortex.o
 .debug_macro   0x0001f59c      0x23c Drivers/STM32F4xx_HAL_Driver/Src/stm32f4xx_hal_gpio.o
 .debug_macro   0x0001f7d8      0x206 Drivers/STM32F4xx_HAL_Driver/Src/stm32f4xx_hal_hcd.o
 .debug_macro   0x0001f9de      0x22a Drivers/STM32F4xx_HAL_Driver/Src/stm32f4xx_hal_rcc.o
 .debug_macro   0x0001fc08      0x206 Drivers/STM32F4xx_HAL_Driver/Src/stm32f4xx_hal_rcc_ex.o
 .debug_macro   0x0001fe0e      0x206 Drivers/STM32F4xx_HAL_Driver/Src/stm32f4xx_ll_usb.o
 .debug_macro   0x00020014      0x423 Middlewares/ST/STM32_USB_Host_Library/Core/Src/usbh_core.o
 .debug_macro   0x00020437      0x415 Middlewares/ST/STM32_USB_Host_Library/Core/Src/usbh_pipes.o
 .debug_macro   0x0002084c      0x425 USB_HOST/Target/usbh_conf.o

.debug_line     0x00000000     0x8905
 .debug_line    0x00000000      0x7fc Core/Src/main.o
 .debug_line    0x000007fc      0x7d1 Core/Src/stm32f4xx_hal_msp.o
 .debug_line    0x00000fcd      0x7c7 Core/Src/stm32f4xx_it.o
 .debug_line    0x00001794      0x746 Core/Src/system_stm32f4xx.o
 .debug_line    0x00001eda      0x923 Drivers/STM32F4xx_HAL_Driver/Src/stm32f4xx_hal.o
 .debug_line    0x000027fd      0x975 Drivers/STM32F4xx_HAL_Driver/Src/stm32f4xx_hal_cortex.o
 .debug_line    0x00003172      0x8ab Drivers/STM32F4xx_HAL_Driver/Src/stm32f4xx_hal_gpio.o
 .debug_line    0x00003a1d      0xb6c Drivers/STM32F4xx_HAL_Driver/Src/stm32f4xx_hal_hcd.o
 .debug_line    0x00004589      0x9b6 Drivers/STM32F4xx_HAL_Driver/Src/stm32f4xx_hal_rcc.o
 .debug_line    0x00004f3f      0x83b Drivers/STM32F4xx_HAL_Driver/Src/stm32f4xx_hal_rcc_ex.o
 .debug_line    0x0000577a      0xdfa Drivers/STM32F4xx_HAL_Driver/Src/stm32f4xx_ll_usb.o
 .debug_line    0x00006574      0xd4d Middlewares/ST/STM32_USB_Host_Library/Core/Src/usbh_core.o
 .debug_line    0x000072c1      0x9fd Middlewares/ST/STM32_USB_Host_Library/Core/Src/usbh_pipes.o
 .debug_line    0x00007cbe      0xbc9 USB_HOST/Target/usbh_conf.o
 .debug_line    0x00008887       0x7e startup/startup_stm32f407xx.o

.debug_str      0x00000000    0xc8145
 .debug_str     0x00000000    0xc0272 Core/Src/main.o
                              0xc058e (size before relaxing)
 .debug_str     0x000c0272       0xce Core/Src/stm32f4xx_hal_msp.o
                              0xc0386 (size before relaxing)
 .debug_str     0x000c0340      0x45c Core/Src/stm32f4xx_it.o
                              0xbfe4a (size before relaxing)
 .debug_str     0x000c079c       0xc7 Core/Src/system_stm32f4xx.o
                              0xbf49a (size before relaxing)
 .debug_str     0x000c0863      0xa67 Drivers/STM32F4xx_HAL_Driver/Src/stm32f4xx_hal.o
                              0xbffa9 (size before relaxing)
 .debug_str     0x000c12ca      0x34d Drivers/STM32F4xx_HAL_Driver/Src/stm32f4xx_hal_cortex.o
                              0xbfd53 (size before relaxing)
 .debug_str     0x000c1617      0x1c9 Drivers/STM32F4xx_HAL_Driver/Src/stm32f4xx_hal_gpio.o
                              0xbf6d6 (size before relaxing)
 .debug_str     0x000c17e0      0x4f2 Drivers/STM32F4xx_HAL_Driver/Src/stm32f4xx_hal_hcd.o
                              0xbfc2d (size before relaxing)
 .debug_str     0x000c1cd2      0x233 Drivers/STM32F4xx_HAL_Driver/Src/stm32f4xx_hal_rcc.o
                              0xbf8ab (size before relaxing)
 .debug_str     0x000c1f05       0xf9 Drivers/STM32F4xx_HAL_Driver/Src/stm32f4xx_hal_rcc_ex.o
                              0xbf5e5 (size before relaxing)
 .debug_str     0x000c1ffe      0x50c Drivers/STM32F4xx_HAL_Driver/Src/stm32f4xx_ll_usb.o
                              0xbfd75 (size before relaxing)
 .debug_str     0x000c250a     0x59fb Middlewares/ST/STM32_USB_Host_Library/Core/Src/usbh_core.o
                              0xc5456 (size before relaxing)
 .debug_str     0x000c7f05       0x98 Middlewares/ST/STM32_USB_Host_Library/Core/Src/usbh_pipes.o
                              0xc51a7 (size before relaxing)
 .debug_str     0x000c7f9d      0x179 USB_HOST/Target/usbh_conf.o
                              0xc6086 (size before relaxing)
 .debug_str     0x000c8116       0x2f startup/startup_stm32f407xx.o
                                 0x5f (size before relaxing)

.comment        0x00000000       0x7f
 .comment       0x00000000       0x7f Core/Src/main.o
                                 0x80 (size before relaxing)
 .comment       0x0000007f       0x80 Core/Src/stm32f4xx_hal_msp.o
 .comment       0x0000007f       0x80 Core/Src/stm32f4xx_it.o
 .comment       0x0000007f       0x80 Core/Src/system_stm32f4xx.o
 .comment       0x0000007f       0x80 Drivers/STM32F4xx_HAL_Driver/Src/stm32f4xx_hal.o
 .comment       0x0000007f       0x80 Drivers/STM32F4xx_HAL_Driver/Src/stm32f4xx_hal_cortex.o
 .comment       0x0000007f       0x80 Drivers/STM32F4xx_HAL_Driver/Src/stm32f4xx_hal_gpio.o
 .comment       0x0000007f       0x80 Drivers/STM32F4xx_HAL_Driver/Src/stm32f4xx_hal_hcd.o
 .comment       0x0000007f       0x80 Drivers/STM32F4xx_HAL_Driver/Src/stm32f4xx_hal_rcc.o
 .comment       0x0000007f       0x80 Drivers/STM32F4xx_HAL_Driver/Src/stm32f4xx_hal_rcc_ex.o
 .comment       0x0000007f       0x80 Drivers/STM32F4xx_HAL_Driver/Src/stm32f4xx_ll_usb.o
 .comment       0x0000007f       0x80 Middlewares/ST/STM32_USB_Host_Library/Core/Src/usbh_core.o
 .comment       0x0000007f       0x80 Middlewares/ST/STM32_USB_Host_Library/Core/Src/usbh_pipes.o
 .comment       0x0000007f       0x80 USB_HOST/Target/usbh_conf.o

.debug_frame    0x00000000     0x1564
 .debug_frame   0x00000000       0x88 Core/Src/main.o
 .debug_frame   0x00000088       0xdc Core/Src/stm32f4xx_hal_msp.o
 .debug_frame   0x00000164       0xc0 Core/Src/stm32f4xx_it.o
 .debug_frame   0x00000224       0x30 Core/Src/system_stm32f4xx.o
 .debug_frame   0x00000254      0x1ec Drivers/STM32F4xx_HAL_Driver/Src/stm32f4xx_hal.o
 .debug_frame   0x00000440      0x15c Drivers/STM32F4xx_HAL_Driver/Src/stm32f4xx_hal_cortex.o
 .debug_frame   0x0000059c       0xd8 Drivers/STM32F4xx_HAL_Driver/Src/stm32f4xx_hal_gpio.o
 .debug_frame   0x00000674      0x2b4 Drivers/STM32F4xx_HAL_Driver/Src/stm32f4xx_hal_hcd.o
 .debug_frame   0x00000928      0x184 Drivers/STM32F4xx_HAL_Driver/Src/stm32f4xx_hal_rcc.o
 .debug_frame   0x00000aac       0xa4 Drivers/STM32F4xx_HAL_Driver/Src/stm32f4xx_hal_rcc_ex.o
 .debug_frame   0x00000b50      0x488 Drivers/STM32F4xx_HAL_Driver/Src/stm32f4xx_ll_usb.o
 .debug_frame   0x00000fd8      0x200 Middlewares/ST/STM32_USB_Host_Library/Core/Src/usbh_core.o
 .debug_frame   0x000011d8       0x84 Middlewares/ST/STM32_USB_Host_Library/Core/Src/usbh_pipes.o
 .debug_frame   0x0000125c      0x25c USB_HOST/Target/usbh_conf.o
 .debug_frame   0x000014b8       0x2c c:/ac6/systemworkbench/plugins/fr.ac6.mcu.externaltools.arm-none.win32_1.17.0.201812190825/tools/compiler/bin/../lib/gcc/arm-none-eabi/7.3.1/thumb/v7e-m/fpv4-sp/hard\libgcc.a(_aeabi_uldivmod.o)
 .debug_frame   0x000014e4       0x34 c:/ac6/systemworkbench/plugins/fr.ac6.mcu.externaltools.arm-none.win32_1.17.0.201812190825/tools/compiler/bin/../lib/gcc/arm-none-eabi/7.3.1/thumb/v7e-m/fpv4-sp/hard\libgcc.a(_udivmoddi4.o)
 .debug_frame   0x00001518       0x2c c:/ac6/systemworkbench/plugins/fr.ac6.mcu.externaltools.arm-none.win32_1.17.0.201812190825/tools/compiler/bin/../lib/gcc/arm-none-eabi/7.3.1/../../../../arm-none-eabi/lib/thumb/v7e-m/fpv4-sp/hard\libc_nano.a(lib_a-init.o)
 .debug_frame   0x00001544       0x20 c:/ac6/systemworkbench/plugins/fr.ac6.mcu.externaltools.arm-none.win32_1.17.0.201812190825/tools/compiler/bin/../lib/gcc/arm-none-eabi/7.3.1/../../../../arm-none-eabi/lib/thumb/v7e-m/fpv4-sp/hard\libc_nano.a(lib_a-memset.o)

.debug_loc      0x00000000     0x519a
 .debug_loc     0x00000000      0x143 Core/Src/stm32f4xx_hal_msp.o
 .debug_loc     0x00000143      0x13e Core/Src/system_stm32f4xx.o
 .debug_loc     0x00000281      0x11b Drivers/STM32F4xx_HAL_Driver/Src/stm32f4xx_hal.o
 .debug_loc     0x0000039c      0x5ce Drivers/STM32F4xx_HAL_Driver/Src/stm32f4xx_hal_cortex.o
 .debug_loc     0x0000096a      0x476 Drivers/STM32F4xx_HAL_Driver/Src/stm32f4xx_hal_gpio.o
 .debug_loc     0x00000de0      0xbf9 Drivers/STM32F4xx_HAL_Driver/Src/stm32f4xx_hal_hcd.o
 .debug_loc     0x000019d9      0x40f Drivers/STM32F4xx_HAL_Driver/Src/stm32f4xx_hal_rcc.o
 .debug_loc     0x00001de8      0x2c7 Drivers/STM32F4xx_HAL_Driver/Src/stm32f4xx_hal_rcc_ex.o
 .debug_loc     0x000020af     0x1eca Drivers/STM32F4xx_HAL_Driver/Src/stm32f4xx_ll_usb.o
 .debug_loc     0x00003f79      0x84c Middlewares/ST/STM32_USB_Host_Library/Core/Src/usbh_core.o
 .debug_loc     0x000047c5      0x1be Middlewares/ST/STM32_USB_Host_Library/Core/Src/usbh_pipes.o
 .debug_loc     0x00004983      0x817 USB_HOST/Target/usbh_conf.o
